// Jest Snapshot v1, https://goo.gl/fbAQLP

exports[`Error Component should render - hasError=false 1`] = `
<div>
  <div>
    test
  </div>
</div>
`;

exports[`Error Component should render - hasError=true 1`] = `
<div>
  <div>
    <h1>
      Technical Error
    </h1>
    <p>
      There is some Technical Error.
    </p>
  </div>
</div>
`;
